11:44:51 **** Build of project lab_1_sim_bsp ****
make -k all 
"Running Make include in microblaze_0/libsrc/bram_v4_3/src"
make -C microblaze_0/libsrc/bram_v4_3/src -s include  "SHELL=CMD" "COMPILER=mb-gcc" "ARCHIVER=mb-ar" "COMPILER_FLAGS=  -O2 -c -mcpu=v11.0 -mlittle-endian -mxl-soft-mul" "EXTRA_COMPILER_FLAGS=-ffunction-sections -fdata-sections -Wall -Wextra"
"Running Make include in microblaze_0/libsrc/cpu_v2_9/src"
make -C microblaze_0/libsrc/cpu_v2_9/src -s include  "SHELL=CMD" "COMPILER=mb-gcc" "ARCHIVER=mb-ar" "COMPILER_FLAGS=  -O2 -c -mcpu=v11.0 -mlittle-endian -mxl-soft-mul" "EXTRA_COMPILER_FLAGS=-ffunction-sections -fdata-sections -Wall -Wextra"
"Running Make include in microblaze_0/libsrc/gpio_v4_4/src"
make -C microblaze_0/libsrc/gpio_v4_4/src -s include  "SHELL=CMD" "COMPILER=mb-gcc" "ARCHIVER=mb-ar" "COMPILER_FLAGS=  -O2 -c -mcpu=v11.0 -mlittle-endian -mxl-soft-mul" "EXTRA_COMPILER_FLAGS=-ffunction-sections -fdata-sections -Wall -Wextra"
"Running Make include in microblaze_0/libsrc/standalone_v7_0/src"
make -C microblaze_0/libsrc/standalone_v7_0/src -s include  "SHELL=CMD" "COMPILER=mb-gcc" "ARCHIVER=mb-ar" "COMPILER_FLAGS=  -O2 -c -mcpu=v11.0 -mlittle-endian -mxl-soft-mul" "EXTRA_COMPILER_FLAGS=-ffunction-sections -fdata-sections -Wall -Wextra"
"Running Make include in microblaze_0/libsrc/uartlite_v3_2/src"
make -C microblaze_0/libsrc/uartlite_v3_2/src -s include  "SHELL=CMD" "COMPILER=mb-gcc" "ARCHIVER=mb-ar" "COMPILER_FLAGS=  -O2 -c -mcpu=v11.0 -mlittle-endian -mxl-soft-mul" "EXTRA_COMPILER_FLAGS=-ffunction-sections -fdata-sections -Wall -Wextra"
"Running Make libs in microblaze_0/libsrc/bram_v4_3/src"
make -C microblaze_0/libsrc/bram_v4_3/src -s libs  "SHELL=CMD" "COMPILER=mb-gcc" "ARCHIVER=mb-ar" "COMPILER_FLAGS=  -O2 -c -mcpu=v11.0 -mlittle-endian -mxl-soft-mul" "EXTRA_COMPILER_FLAGS=-ffunction-sections -fdata-sections -Wall -Wextra"
"Compiling bram"
mb-ar: creating ../../../lib/libxil.a
"Running Make libs in microblaze_0/libsrc/cpu_v2_9/src"
make -C microblaze_0/libsrc/cpu_v2_9/src -s libs  "SHELL=CMD" "COMPILER=mb-gcc" "ARCHIVER=mb-ar" "COMPILER_FLAGS=  -O2 -c -mcpu=v11.0 -mlittle-endian -mxl-soft-mul" "EXTRA_COMPILER_FLAGS=-ffunction-sections -fdata-sections -Wall -Wextra"
"Compiling cpu"
"Running Make libs in microblaze_0/libsrc/gpio_v4_4/src"
make -C microblaze_0/libsrc/gpio_v4_4/src -s libs  "SHELL=CMD" "COMPILER=mb-gcc" "ARCHIVER=mb-ar" "COMPILER_FLAGS=  -O2 -c -mcpu=v11.0 -mlittle-endian -mxl-soft-mul" "EXTRA_COMPILER_FLAGS=-ffunction-sections -fdata-sections -Wall -Wextra"
"Compiling gpio"
"Running Make libs in microblaze_0/libsrc/standalone_v7_0/src"
make -C microblaze_0/libsrc/standalone_v7_0/src -s libs  "SHELL=CMD" "COMPILER=mb-gcc" "ARCHIVER=mb-ar" "COMPILER_FLAGS=  -O2 -c -mcpu=v11.0 -mlittle-endian -mxl-soft-mul" "EXTRA_COMPILER_FLAGS=-ffunction-sections -fdata-sections -Wall -Wextra"
"Compiling standalone";
microblaze_sleep.c:77:9: note: #pragma message: For the sleep routines, assembly instructions are used
 #pragma message ("For the sleep routines, assembly instructions are used")
         ^~~~~~~
"Running Make libs in microblaze_0/libsrc/uartlite_v3_2/src"
make -C microblaze_0/libsrc/uartlite_v3_2/src -s libs  "SHELL=CMD" "COMPILER=mb-gcc" "ARCHIVER=mb-ar" "COMPILER_FLAGS=  -O2 -c -mcpu=v11.0 -mlittle-endian -mxl-soft-mul" "EXTRA_COMPILER_FLAGS=-ffunction-sections -fdata-sections -Wall -Wextra"
"Compiling uartlite"
'Finished building libraries'
11:45:01 **** Build of configuration Debug for project lab_1_sim ****
make all 
'Building file: ../src/helloworld.c'
'Invoking: MicroBlaze gcc compiler'
mb-gcc -Wall -O0 -g3 -c -fmessage-length=0 -MT"src/helloworld.o" -I../../lab_1_sim_bsp/microblaze_0/include -mlittle-endian -mcpu=v11.0 -mxl-soft-mul -Wl,--no-relax -ffunction-sections -fdata-sections -MMD -MP -MF"src/helloworld.d" -MT"src/helloworld.o" -o "src/helloworld.o" "../src/helloworld.c"
'Finished building: ../src/helloworld.c'
' '
'Building file: ../src/platform.c'
'Invoking: MicroBlaze gcc compiler'
mb-gcc -Wall -O0 -g3 -c -fmessage-length=0 -MT"src/platform.o" -I../../lab_1_sim_bsp/microblaze_0/include -mlittle-endian -mcpu=v11.0 -mxl-soft-mul -Wl,--no-relax -ffunction-sections -fdata-sections -MMD -MP -MF"src/platform.d" -MT"src/platform.o" -o "src/platform.o" "../src/platform.c"
'Finished building: ../src/platform.c'
' '
'Building target: lab_1_sim.elf'
'Invoking: MicroBlaze gcc linker'
mb-gcc -Wl,-T -Wl,../src/lscript.ld -L../../lab_1_sim_bsp/microblaze_0/lib -mlittle-endian -mcpu=v11.0 -mxl-soft-mul -Wl,--no-relax -Wl,--gc-sections -o "lab_1_sim.elf"  ./src/helloworld.o ./src/platform.o   -Wl,--start-group,-lxil,-lgcc,-lc,--end-group
'Finished building target: lab_1_sim.elf'
' '
'Invoking: MicroBlaze Print Size'
mb-size lab_1_sim.elf  |tee "lab_1_sim.elf.size"
   text	   data	    bss	    dec	    hex	filename
   2696	    268	   3108	   6072	   17b8	lab_1_sim.elf
'Finished building: lab_1_sim.elf.size'
' '
11:45:03 **** Auto Build of configuration Debug for project lab_1_sim ****
make all 
'Building file: ../src/helloworld.c'
'Invoking: MicroBlaze gcc compiler'
mb-gcc -Wall -O0 -g3 -c -fmessage-length=0 -MT"src/helloworld.o" -I../../lab_1_sim_bsp/microblaze_0/include -mlittle-endian -mcpu=v11.0 -mxl-soft-mul -Wl,--no-relax -ffunction-sections -fdata-sections -MMD -MP -MF"src/helloworld.d" -MT"src/helloworld.o" -o "src/helloworld.o" "../src/helloworld.c"
../src/helloworld.c: In function 'read_number':
../src/helloworld.c:15:10: warning: format '%d' expects argument of type 'int *', but argument 2 has type 's16 *' {aka 'short int *'} [-Wformat=]
  scanf("%d", n);
         ~^   ~
         %hd
'Finished building: ../src/helloworld.c'
' '
'Building target: lab_1_sim.elf'
'Invoking: MicroBlaze gcc linker'
mb-gcc -Wl,-T -Wl,../src/lscript.ld -L../../lab_1_sim_bsp/microblaze_0/lib -mlittle-endian -mcpu=v11.0 -mxl-soft-mul -Wl,--no-relax -Wl,--gc-sections -o "lab_1_sim.elf"  ./src/helloworld.o ./src/platform.o   -Wl,--start-group,-lxil,-lgcc,-lc,--end-group
'Finished building target: lab_1_sim.elf'
' '
'Invoking: MicroBlaze Print Size'
mb-size lab_1_sim.elf  |tee "lab_1_sim.elf.size"
   text	   data	    bss	    dec	    hex	filename
  17804	   1672	   3172	  22648	   5878	lab_1_sim.elf
'Finished building: lab_1_sim.elf.size'
' '
11:45:25 **** Build of project lab_1_bsp ****
make -k all 
"Running Make include in microblaze_0/libsrc/bram_v4_3/src"
make -C microblaze_0/libsrc/bram_v4_3/src -s include  "SHELL=CMD" "COMPILER=mb-gcc" "ARCHIVER=mb-ar" "COMPILER_FLAGS=  -O2 -c -mcpu=v11.0 -mlittle-endian -mxl-soft-mul" "EXTRA_COMPILER_FLAGS=-ffunction-sections -fdata-sections -Wall -Wextra"
"Running Make include in microblaze_0/libsrc/cpu_v2_9/src"
make -C microblaze_0/libsrc/cpu_v2_9/src -s include  "SHELL=CMD" "COMPILER=mb-gcc" "ARCHIVER=mb-ar" "COMPILER_FLAGS=  -O2 -c -mcpu=v11.0 -mlittle-endian -mxl-soft-mul" "EXTRA_COMPILER_FLAGS=-ffunction-sections -fdata-sections -Wall -Wextra"
"Running Make include in microblaze_0/libsrc/gpio_v4_4/src"
make -C microblaze_0/libsrc/gpio_v4_4/src -s include  "SHELL=CMD" "COMPILER=mb-gcc" "ARCHIVER=mb-ar" "COMPILER_FLAGS=  -O2 -c -mcpu=v11.0 -mlittle-endian -mxl-soft-mul" "EXTRA_COMPILER_FLAGS=-ffunction-sections -fdata-sections -Wall -Wextra"
"Running Make include in microblaze_0/libsrc/standalone_v7_0/src"
make -C microblaze_0/libsrc/standalone_v7_0/src -s include  "SHELL=CMD" "COMPILER=mb-gcc" "ARCHIVER=mb-ar" "COMPILER_FLAGS=  -O2 -c -mcpu=v11.0 -mlittle-endian -mxl-soft-mul" "EXTRA_COMPILER_FLAGS=-ffunction-sections -fdata-sections -Wall -Wextra"
"Running Make include in microblaze_0/libsrc/uartlite_v3_2/src"
make -C microblaze_0/libsrc/uartlite_v3_2/src -s include  "SHELL=CMD" "COMPILER=mb-gcc" "ARCHIVER=mb-ar" "COMPILER_FLAGS=  -O2 -c -mcpu=v11.0 -mlittle-endian -mxl-soft-mul" "EXTRA_COMPILER_FLAGS=-ffunction-sections -fdata-sections -Wall -Wextra"
"Running Make libs in microblaze_0/libsrc/bram_v4_3/src"
make -C microblaze_0/libsrc/bram_v4_3/src -s libs  "SHELL=CMD" "COMPILER=mb-gcc" "ARCHIVER=mb-ar" "COMPILER_FLAGS=  -O2 -c -mcpu=v11.0 -mlittle-endian -mxl-soft-mul" "EXTRA_COMPILER_FLAGS=-ffunction-sections -fdata-sections -Wall -Wextra"
"Compiling bram"
mb-ar: creating ../../../lib/libxil.a
"Running Make libs in microblaze_0/libsrc/cpu_v2_9/src"
make -C microblaze_0/libsrc/cpu_v2_9/src -s libs  "SHELL=CMD" "COMPILER=mb-gcc" "ARCHIVER=mb-ar" "COMPILER_FLAGS=  -O2 -c -mcpu=v11.0 -mlittle-endian -mxl-soft-mul" "EXTRA_COMPILER_FLAGS=-ffunction-sections -fdata-sections -Wall -Wextra"
"Compiling cpu"
"Running Make libs in microblaze_0/libsrc/gpio_v4_4/src"
make -C microblaze_0/libsrc/gpio_v4_4/src -s libs  "SHELL=CMD" "COMPILER=mb-gcc" "ARCHIVER=mb-ar" "COMPILER_FLAGS=  -O2 -c -mcpu=v11.0 -mlittle-endian -mxl-soft-mul" "EXTRA_COMPILER_FLAGS=-ffunction-sections -fdata-sections -Wall -Wextra"
"Compiling gpio"
"Running Make libs in microblaze_0/libsrc/standalone_v7_0/src"
make -C microblaze_0/libsrc/standalone_v7_0/src -s libs  "SHELL=CMD" "COMPILER=mb-gcc" "ARCHIVER=mb-ar" "COMPILER_FLAGS=  -O2 -c -mcpu=v11.0 -mlittle-endian -mxl-soft-mul" "EXTRA_COMPILER_FLAGS=-ffunction-sections -fdata-sections -Wall -Wextra"
"Compiling standalone";
microblaze_sleep.c:77:9: note: #pragma message: For the sleep routines, assembly instructions are used
 #pragma message ("For the sleep routines, assembly instructions are used")
         ^~~~~~~
"Running Make libs in microblaze_0/libsrc/uartlite_v3_2/src"
make -C microblaze_0/libsrc/uartlite_v3_2/src -s libs  "SHELL=CMD" "COMPILER=mb-gcc" "ARCHIVER=mb-ar" "COMPILER_FLAGS=  -O2 -c -mcpu=v11.0 -mlittle-endian -mxl-soft-mul" "EXTRA_COMPILER_FLAGS=-ffunction-sections -fdata-sections -Wall -Wextra"
"Compiling uartlite"
'Finished building libraries'
11:45:33 **** Build of configuration Debug for project lab_1 ****
make all 
'Building file: ../src/helloworld.c'
'Invoking: MicroBlaze gcc compiler'
mb-gcc -Wall -O0 -g3 -c -fmessage-length=0 -MT"src/helloworld.o" -I../../lab_1_bsp/microblaze_0/include -mlittle-endian -mcpu=v11.0 -mxl-soft-mul -Wl,--no-relax -ffunction-sections -fdata-sections -MMD -MP -MF"src/helloworld.d" -MT"src/helloworld.o" -o "src/helloworld.o" "../src/helloworld.c"
'Finished building: ../src/helloworld.c'
' '
'Building file: ../src/platform.c'
'Invoking: MicroBlaze gcc compiler'
mb-gcc -Wall -O0 -g3 -c -fmessage-length=0 -MT"src/platform.o" -I../../lab_1_bsp/microblaze_0/include -mlittle-endian -mcpu=v11.0 -mxl-soft-mul -Wl,--no-relax -ffunction-sections -fdata-sections -MMD -MP -MF"src/platform.d" -MT"src/platform.o" -o "src/platform.o" "../src/platform.c"
'Finished building: ../src/platform.c'
' '
'Building target: lab_1.elf'
'Invoking: MicroBlaze gcc linker'
mb-gcc -Wl,-T -Wl,../src/lscript.ld -L../../lab_1_bsp/microblaze_0/lib -mlittle-endian -mcpu=v11.0 -mxl-soft-mul -Wl,--no-relax -Wl,--gc-sections -o "lab_1.elf"  ./src/helloworld.o ./src/platform.o   -Wl,--start-group,-lxil,-lgcc,-lc,--end-group
'Finished building target: lab_1.elf'
' '
'Invoking: MicroBlaze Print Size'
mb-size lab_1.elf  |tee "lab_1.elf.size"
   text	   data	    bss	    dec	    hex	filename
   2696	    268	   3108	   6072	   17b8	lab_1.elf
'Finished building: lab_1.elf.size'
' '
11:45:35 **** Auto Build of configuration Debug for project lab_1 ****
make all 
'Building file: ../src/helloworld.c'
'Invoking: MicroBlaze gcc compiler'
mb-gcc -Wall -O0 -g3 -c -fmessage-length=0 -MT"src/helloworld.o" -I../../lab_1_bsp/microblaze_0/include -mlittle-endian -mcpu=v11.0 -mxl-soft-mul -Wl,--no-relax -ffunction-sections -fdata-sections -MMD -MP -MF"src/helloworld.d" -MT"src/helloworld.o" -o "src/helloworld.o" "../src/helloworld.c"
../src/helloworld.c: In function 'read_number':
../src/helloworld.c:15:10: warning: format '%d' expects argument of type 'int *', but argument 2 has type 's16 *' {aka 'short int *'} [-Wformat=]
  scanf("%d", n);
         ~^   ~
         %hd
'Finished building: ../src/helloworld.c'
' '
'Building target: lab_1.elf'
'Invoking: MicroBlaze gcc linker'
mb-gcc -Wl,-T -Wl,../src/lscript.ld -L../../lab_1_bsp/microblaze_0/lib -mlittle-endian -mcpu=v11.0 -mxl-soft-mul -Wl,--no-relax -Wl,--gc-sections -o "lab_1.elf"  ./src/helloworld.o ./src/platform.o   -Wl,--start-group,-lxil,-lgcc,-lc,--end-group
'Finished building target: lab_1.elf'
' '
'Invoking: MicroBlaze Print Size'
mb-size lab_1.elf  |tee "lab_1.elf.size"
   text	   data	    bss	    dec	    hex	filename
 133732	   1672	   3172	 138576	  21d50	lab_1.elf
'Finished building: lab_1.elf.size'
' '
11:53:55 **** Auto Build of configuration Debug for project lab_1 ****
make all 
'Building file: ../src/helloworld.c'
'Invoking: MicroBlaze gcc compiler'
mb-gcc -Wall -O0 -g3 -c -fmessage-length=0 -MT"src/helloworld.o" -I../../lab_1_bsp/microblaze_0/include -mlittle-endian -mcpu=v11.0 -mxl-soft-mul -Wl,--no-relax -ffunction-sections -fdata-sections -MMD -MP -MF"src/helloworld.d" -MT"src/helloworld.o" -o "src/helloworld.o" "../src/helloworld.c"
../src/helloworld.c: In function 'read_number':
../src/helloworld.c:15:10: warning: format '%d' expects argument of type 'int *', but argument 2 has type 's16 *' {aka 'short int *'} [-Wformat=]
  scanf("%d", n);
         ~^   ~
         %hd
'Finished building: ../src/helloworld.c'
' '
'Building target: lab_1.elf'
'Invoking: MicroBlaze gcc linker'
mb-gcc -Wl,-T -Wl,../src/lscript.ld -L../../lab_1_bsp/microblaze_0/lib -mlittle-endian -mcpu=v11.0 -mxl-soft-mul -Wl,--no-relax -Wl,--gc-sections -o "lab_1.elf"  ./src/helloworld.o ./src/platform.o   -Wl,--start-group,-lxil,-lgcc,-lc,--end-group
'Finished building target: lab_1.elf'
' '
'Invoking: MicroBlaze Print Size'
mb-size lab_1.elf  |tee "lab_1.elf.size"
   text	   data	    bss	    dec	    hex	filename
  17804	   1672	   3172	  22648	   5878	lab_1.elf
'Finished building: lab_1.elf.size'
' '
11:58:11 **** Auto Build of configuration Debug for project lab_1 ****
make all 
'Building file: ../src/helloworld.c'
'Invoking: MicroBlaze gcc compiler'
mb-gcc -Wall -O0 -g3 -c -fmessage-length=0 -MT"src/helloworld.o" -I../../lab_1_bsp/microblaze_0/include -mlittle-endian -mcpu=v11.0 -mxl-soft-mul -Wl,--no-relax -ffunction-sections -fdata-sections -MMD -MP -MF"src/helloworld.d" -MT"src/helloworld.o" -o "src/helloworld.o" "../src/helloworld.c"
../src/helloworld.c: In function 'read_number':
../src/helloworld.c:15:10: warning: format '%d' expects argument of type 'int *', but argument 2 has type 's16 *' {aka 'short int *'} [-Wformat=]
  scanf("%d", n);
         ~^   ~
         %hd
'Finished building: ../src/helloworld.c'
' '
'Building target: lab_1.elf'
'Invoking: MicroBlaze gcc linker'
mb-gcc -Wl,-T -Wl,../src/lscript.ld -L../../lab_1_bsp/microblaze_0/lib -mlittle-endian -mcpu=v11.0 -mxl-soft-mul -Wl,--no-relax -Wl,--gc-sections -o "lab_1.elf"  ./src/helloworld.o ./src/platform.o   -Wl,--start-group,-lxil,-lgcc,-lc,--end-group
'Finished building target: lab_1.elf'
' '
'Invoking: MicroBlaze Print Size'
mb-size lab_1.elf  |tee "lab_1.elf.size"
   text	   data	    bss	    dec	    hex	filename
 133732	   1672	   3172	 138576	  21d50	lab_1.elf
'Finished building: lab_1.elf.size'
' '
12:01:49 **** Auto Build of configuration Debug for project lab_1 ****
make all 
'Building file: ../src/helloworld.c'
'Invoking: MicroBlaze gcc compiler'
mb-gcc -Wall -O0 -g3 -c -fmessage-length=0 -MT"src/helloworld.o" -I../../lab_1_bsp/microblaze_0/include -mlittle-endian -mcpu=v11.0 -mxl-soft-mul -Wl,--no-relax -ffunction-sections -fdata-sections -MMD -MP -MF"src/helloworld.d" -MT"src/helloworld.o" -o "src/helloworld.o" "../src/helloworld.c"
../src/helloworld.c: In function 'read_number':
../src/helloworld.c:15:10: warning: format '%d' expects argument of type 'int *', but argument 2 has type 's16 *' {aka 'short int *'} [-Wformat=]
  scanf("%d", n);
         ~^   ~
         %hd
'Finished building: ../src/helloworld.c'
' '
'Building target: lab_1.elf'
'Invoking: MicroBlaze gcc linker'
mb-gcc -Wl,-T -Wl,../src/lscript.ld -L../../lab_1_bsp/microblaze_0/lib -mlittle-endian -mcpu=v11.0 -mxl-soft-mul -Wl,--no-relax -Wl,--gc-sections -o "lab_1.elf"  ./src/helloworld.o ./src/platform.o   -Wl,--start-group,-lxil,-lgcc,-lc,--end-group
'Finished building target: lab_1.elf'
' '
'Invoking: MicroBlaze Print Size'
mb-size lab_1.elf  |tee "lab_1.elf.size"
   text	   data	    bss	    dec	    hex	filename
  17804	   1672	   3172	  22648	   5878	lab_1.elf
'Finished building: lab_1.elf.size'
' '
12:03:02 **** Auto Build of configuration Debug for project lab_1 ****
make all 
'Building file: ../src/helloworld.c'
'Invoking: MicroBlaze gcc compiler'
mb-gcc -Wall -O0 -g3 -c -fmessage-length=0 -MT"src/helloworld.o" -I../../lab_1_bsp/microblaze_0/include -mlittle-endian -mcpu=v11.0 -mxl-soft-mul -Wl,--no-relax -ffunction-sections -fdata-sections -MMD -MP -MF"src/helloworld.d" -MT"src/helloworld.o" -o "src/helloworld.o" "../src/helloworld.c"
../src/helloworld.c: In function 'read_number':
../src/helloworld.c:15:10: warning: format '%d' expects argument of type 'int *', but argument 2 has type 's16 *' {aka 'short int *'} [-Wformat=]
  scanf("%d", n);
         ~^   ~
         %hd
'Finished building: ../src/helloworld.c'
' '
'Building target: lab_1.elf'
'Invoking: MicroBlaze gcc linker'
mb-gcc -Wl,-T -Wl,../src/lscript.ld -L../../lab_1_bsp/microblaze_0/lib -mlittle-endian -mcpu=v11.0 -mxl-soft-mul -Wl,--no-relax -Wl,--gc-sections -o "lab_1.elf"  ./src/helloworld.o ./src/platform.o   -Wl,--start-group,-lxil,-lgcc,-lc,--end-group
'Finished building target: lab_1.elf'
' '
'Invoking: MicroBlaze Print Size'
mb-size lab_1.elf  |tee "lab_1.elf.size"
   text	   data	    bss	    dec	    hex	filename
 133732	   1672	   3172	 138576	  21d50	lab_1.elf
'Finished building: lab_1.elf.size'
' '
12:04:01 **** Auto Build of configuration Debug for project lab_1_sim ****
make all 
'Building file: ../src/helloworld.c'
'Invoking: MicroBlaze gcc compiler'
mb-gcc -Wall -O0 -g3 -c -fmessage-length=0 -MT"src/helloworld.o" -I../../lab_1_sim_bsp/microblaze_0/include -mlittle-endian -mcpu=v11.0 -mxl-soft-mul -Wl,--no-relax -ffunction-sections -fdata-sections -MMD -MP -MF"src/helloworld.d" -MT"src/helloworld.o" -o "src/helloworld.o" "../src/helloworld.c"
../src/helloworld.c: In function 'read_number':
../src/helloworld.c:15:10: warning: format '%d' expects argument of type 'int *', but argument 2 has type 's16 *' {aka 'short int *'} [-Wformat=]
  scanf("%d", n);
         ~^   ~
         %hd
'Finished building: ../src/helloworld.c'
' '
'Building target: lab_1_sim.elf'
'Invoking: MicroBlaze gcc linker'
mb-gcc -Wl,-T -Wl,../src/lscript.ld -L../../lab_1_sim_bsp/microblaze_0/lib -mlittle-endian -mcpu=v11.0 -mxl-soft-mul -Wl,--no-relax -Wl,--gc-sections -o "lab_1_sim.elf"  ./src/helloworld.o ./src/platform.o   -Wl,--start-group,-lxil,-lgcc,-lc,--end-group
'Finished building target: lab_1_sim.elf'
' '
'Invoking: MicroBlaze Print Size'
mb-size lab_1_sim.elf  |tee "lab_1_sim.elf.size"
   text	   data	    bss	    dec	    hex	filename
  17916	   1672	   3172	  22760	   58e8	lab_1_sim.elf
'Finished building: lab_1_sim.elf.size'
' '
12:08:28 **** Auto Build of configuration Debug for project lab_1_sim ****
make all 
'Building file: ../src/helloworld.c'
'Invoking: MicroBlaze gcc compiler'
mb-gcc -Wall -O0 -g3 -c -fmessage-length=0 -MT"src/helloworld.o" -I../../lab_1_sim_bsp/microblaze_0/include -mlittle-endian -mcpu=v11.0 -mxl-soft-mul -Wl,--no-relax -ffunction-sections -fdata-sections -MMD -MP -MF"src/helloworld.d" -MT"src/helloworld.o" -o "src/helloworld.o" "../src/helloworld.c"
../src/helloworld.c: In function 'read_number':
../src/helloworld.c:15:10: warning: format '%d' expects argument of type 'int *', but argument 2 has type 's16 *' {aka 'short int *'} [-Wformat=]
  scanf("%d", n);
         ~^   ~
         %hd
'Finished building: ../src/helloworld.c'
' '
'Building target: lab_1_sim.elf'
'Invoking: MicroBlaze gcc linker'
mb-gcc -Wl,-T -Wl,../src/lscript.ld -L../../lab_1_sim_bsp/microblaze_0/lib -mlittle-endian -mcpu=v11.0 -mxl-soft-mul -Wl,--no-relax -Wl,--gc-sections -o "lab_1_sim.elf"  ./src/helloworld.o ./src/platform.o   -Wl,--start-group,-lxil,-lgcc,-lc,--end-group
'Finished building target: lab_1_sim.elf'
' '
'Invoking: MicroBlaze Print Size'
mb-size lab_1_sim.elf  |tee "lab_1_sim.elf.size"
   text	   data	    bss	    dec	    hex	filename
 133732	   1672	   3172	 138576	  21d50	lab_1_sim.elf
'Finished building: lab_1_sim.elf.size'
' '
12:08:32 **** Auto Build of configuration Debug for project lab_1_sim ****
make all 
'Building file: ../src/helloworld.c'
'Invoking: MicroBlaze gcc compiler'
mb-gcc -Wall -O0 -g3 -c -fmessage-length=0 -MT"src/helloworld.o" -I../../lab_1_sim_bsp/microblaze_0/include -mlittle-endian -mcpu=v11.0 -mxl-soft-mul -Wl,--no-relax -ffunction-sections -fdata-sections -MMD -MP -MF"src/helloworld.d" -MT"src/helloworld.o" -o "src/helloworld.o" "../src/helloworld.c"
../src/helloworld.c: In function 'read_number':
../src/helloworld.c:15:10: warning: format '%d' expects argument of type 'int *', but argument 2 has type 's16 *' {aka 'short int *'} [-Wformat=]
  scanf("%d", n);
         ~^   ~
         %hd
'Finished building: ../src/helloworld.c'
' '
'Building target: lab_1_sim.elf'
'Invoking: MicroBlaze gcc linker'
mb-gcc -Wl,-T -Wl,../src/lscript.ld -L../../lab_1_sim_bsp/microblaze_0/lib -mlittle-endian -mcpu=v11.0 -mxl-soft-mul -Wl,--no-relax -Wl,--gc-sections -o "lab_1_sim.elf"  ./src/helloworld.o ./src/platform.o   -Wl,--start-group,-lxil,-lgcc,-lc,--end-group
'Finished building target: lab_1_sim.elf'
' '
'Invoking: MicroBlaze Print Size'
mb-size lab_1_sim.elf  |tee "lab_1_sim.elf.size"
   text	   data	    bss	    dec	    hex	filename
  12736	   1308	   3172	  17216	   4340	lab_1_sim.elf
'Finished building: lab_1_sim.elf.size'
' '
12:08:42 **** Auto Build of configuration Debug for project lab_1 ****
make all 
'Building file: ../src/helloworld.c'
'Invoking: MicroBlaze gcc compiler'
mb-gcc -Wall -O0 -g3 -c -fmessage-length=0 -MT"src/helloworld.o" -I../../lab_1_bsp/microblaze_0/include -mlittle-endian -mcpu=v11.0 -mxl-soft-mul -Wl,--no-relax -ffunction-sections -fdata-sections -MMD -MP -MF"src/helloworld.d" -MT"src/helloworld.o" -o "src/helloworld.o" "../src/helloworld.c"
../src/helloworld.c: In function 'read_number':
../src/helloworld.c:15:10: warning: format '%d' expects argument of type 'int *', but argument 2 has type 's16 *' {aka 'short int *'} [-Wformat=]
  scanf("%d", n);
         ~^   ~
         %hd
'Finished building: ../src/helloworld.c'
' '
'Building target: lab_1.elf'
'Invoking: MicroBlaze gcc linker'
mb-gcc -Wl,-T -Wl,../src/lscript.ld -L../../lab_1_bsp/microblaze_0/lib -mlittle-endian -mcpu=v11.0 -mxl-soft-mul -Wl,--no-relax -Wl,--gc-sections -o "lab_1.elf"  ./src/helloworld.o ./src/platform.o   -Wl,--start-group,-lxil,-lgcc,-lc,--end-group
'Finished building target: lab_1.elf'
' '
'Invoking: MicroBlaze Print Size'
mb-size lab_1.elf  |tee "lab_1.elf.size"
   text	   data	    bss	    dec	    hex	filename
 133732	   1672	   3172	 138576	  21d50	lab_1.elf
'Finished building: lab_1.elf.size'
' '
12:20:53 **** Auto Build of configuration Debug for project lab_1_sim ****
make all 
'Building file: ../src/helloworld.c'
'Invoking: MicroBlaze gcc compiler'
mb-gcc -Wall -O0 -g3 -c -fmessage-length=0 -MT"src/helloworld.o" -I../../lab_1_sim_bsp/microblaze_0/include -mlittle-endian -mcpu=v11.0 -mxl-soft-mul -Wl,--no-relax -ffunction-sections -fdata-sections -MMD -MP -MF"src/helloworld.d" -MT"src/helloworld.o" -o "src/helloworld.o" "../src/helloworld.c"
../src/helloworld.c: In function 'read_number':
../src/helloworld.c:15:10: warning: format '%d' expects argument of type 'int *', but argument 2 has type 's16 *' {aka 'short int *'} [-Wformat=]
  scanf("%d", n);
         ~^   ~
         %hd
'Finished building: ../src/helloworld.c'
' '
'Building target: lab_1_sim.elf'
'Invoking: MicroBlaze gcc linker'
mb-gcc -Wl,-T -Wl,../src/lscript.ld -L../../lab_1_sim_bsp/microblaze_0/lib -mlittle-endian -mcpu=v11.0 -mxl-soft-mul -Wl,--no-relax -Wl,--gc-sections -o "lab_1_sim.elf"  ./src/helloworld.o ./src/platform.o   -Wl,--start-group,-lxil,-lgcc,-lc,--end-group
'Finished building target: lab_1_sim.elf'
' '
'Invoking: MicroBlaze Print Size'
mb-size lab_1_sim.elf  |tee "lab_1_sim.elf.size"
   text	   data	    bss	    dec	    hex	filename
  12736	   1308	   3172	  17216	   4340	lab_1_sim.elf
'Finished building: lab_1_sim.elf.size'
' '
12:25:00 **** Auto Build of configuration Debug for project lab_1_sim ****
make all 
'Building file: ../src/helloworld.c'
'Invoking: MicroBlaze gcc compiler'
mb-gcc -Wall -O0 -g3 -c -fmessage-length=0 -MT"src/helloworld.o" -I../../lab_1_sim_bsp/microblaze_0/include -mlittle-endian -mcpu=v11.0 -mxl-soft-mul -Wl,--no-relax -ffunction-sections -fdata-sections -MMD -MP -MF"src/helloworld.d" -MT"src/helloworld.o" -o "src/helloworld.o" "../src/helloworld.c"
../src/helloworld.c: In function 'read_number':
../src/helloworld.c:15:10: warning: format '%d' expects argument of type 'int *', but argument 2 has type 's16 *' {aka 'short int *'} [-Wformat=]
  scanf("%d", n);
         ~^   ~
         %hd
'Finished building: ../src/helloworld.c'
' '
'Building target: lab_1_sim.elf'
'Invoking: MicroBlaze gcc linker'
mb-gcc -Wl,-T -Wl,../src/lscript.ld -L../../lab_1_sim_bsp/microblaze_0/lib -mlittle-endian -mcpu=v11.0 -mxl-soft-mul -Wl,--no-relax -Wl,--gc-sections -o "lab_1_sim.elf"  ./src/helloworld.o ./src/platform.o   -Wl,--start-group,-lxil,-lgcc,-lc,--end-group
'Finished building target: lab_1_sim.elf'
' '
'Invoking: MicroBlaze Print Size'
mb-size lab_1_sim.elf  |tee "lab_1_sim.elf.size"
   text	   data	    bss	    dec	    hex	filename
  12736	   1308	   3172	  17216	   4340	lab_1_sim.elf
'Finished building: lab_1_sim.elf.size'
' '
12:28:39 **** Auto Build of configuration Debug for project lab_1_sim ****
make all 
'Building file: ../src/helloworld.c'
'Invoking: MicroBlaze gcc compiler'
mb-gcc -Wall -O0 -g3 -c -fmessage-length=0 -MT"src/helloworld.o" -I../../lab_1_sim_bsp/microblaze_0/include -mlittle-endian -mcpu=v11.0 -mxl-soft-mul -Wl,--no-relax -ffunction-sections -fdata-sections -MMD -MP -MF"src/helloworld.d" -MT"src/helloworld.o" -o "src/helloworld.o" "../src/helloworld.c"
../src/helloworld.c: In function 'read_number':
../src/helloworld.c:15:10: warning: format '%d' expects argument of type 'int *', but argument 2 has type 's16 *' {aka 'short int *'} [-Wformat=]
  scanf("%d", n);
         ~^   ~
         %hd
'Finished building: ../src/helloworld.c'
' '
'Building target: lab_1_sim.elf'
'Invoking: MicroBlaze gcc linker'
mb-gcc -Wl,-T -Wl,../src/lscript.ld -L../../lab_1_sim_bsp/microblaze_0/lib -mlittle-endian -mcpu=v11.0 -mxl-soft-mul -Wl,--no-relax -Wl,--gc-sections -o "lab_1_sim.elf"  ./src/helloworld.o ./src/platform.o   -Wl,--start-group,-lxil,-lgcc,-lc,--end-group
'Finished building target: lab_1_sim.elf'
' '
'Invoking: MicroBlaze Print Size'
mb-size lab_1_sim.elf  |tee "lab_1_sim.elf.size"
   text	   data	    bss	    dec	    hex	filename
  12736	   1308	   3172	  17216	   4340	lab_1_sim.elf
'Finished building: lab_1_sim.elf.size'
' '
12:33:23 **** Auto Build of configuration Debug for project lab_1_sim ****
make all 
'Building file: ../src/helloworld.c'
'Invoking: MicroBlaze gcc compiler'
mb-gcc -Wall -O0 -g3 -c -fmessage-length=0 -MT"src/helloworld.o" -I../../lab_1_sim_bsp/microblaze_0/include -mlittle-endian -mcpu=v11.0 -mxl-soft-mul -Wl,--no-relax -ffunction-sections -fdata-sections -MMD -MP -MF"src/helloworld.d" -MT"src/helloworld.o" -o "src/helloworld.o" "../src/helloworld.c"
../src/helloworld.c: In function 'read_number':
../src/helloworld.c:15:10: warning: format '%d' expects argument of type 'int *', but argument 2 has type 's16 *' {aka 'short int *'} [-Wformat=]
  scanf("%d", n);
         ~^   ~
         %hd
'Finished building: ../src/helloworld.c'
' '
'Building target: lab_1_sim.elf'
'Invoking: MicroBlaze gcc linker'
mb-gcc -Wl,-T -Wl,../src/lscript.ld -L../../lab_1_sim_bsp/microblaze_0/lib -mlittle-endian -mcpu=v11.0 -mxl-soft-mul -Wl,--no-relax -Wl,--gc-sections -o "lab_1_sim.elf"  ./src/helloworld.o ./src/platform.o   -Wl,--start-group,-lxil,-lgcc,-lc,--end-group
'Finished building target: lab_1_sim.elf'
' '
'Invoking: MicroBlaze Print Size'
mb-size lab_1_sim.elf  |tee "lab_1_sim.elf.size"
   text	   data	    bss	    dec	    hex	filename
  12736	   1308	   3172	  17216	   4340	lab_1_sim.elf
'Finished building: lab_1_sim.elf.size'
' '
12:37:33 **** Auto Build of configuration Debug for project lab_1_sim ****
make all 
'Building file: ../src/helloworld.c'
'Invoking: MicroBlaze gcc compiler'
mb-gcc -Wall -O0 -g3 -c -fmessage-length=0 -MT"src/helloworld.o" -I../../lab_1_sim_bsp/microblaze_0/include -mlittle-endian -mcpu=v11.0 -mxl-soft-mul -Wl,--no-relax -ffunction-sections -fdata-sections -MMD -MP -MF"src/helloworld.d" -MT"src/helloworld.o" -o "src/helloworld.o" "../src/helloworld.c"
../src/helloworld.c: In function 'read_number':
../src/helloworld.c:15:10: warning: format '%d' expects argument of type 'int *', but argument 2 has type 's16 *' {aka 'short int *'} [-Wformat=]
  scanf("%d", n);
         ~^   ~
         %hd
'Finished building: ../src/helloworld.c'
' '
'Building target: lab_1_sim.elf'
'Invoking: MicroBlaze gcc linker'
mb-gcc -Wl,-T -Wl,../src/lscript.ld -L../../lab_1_sim_bsp/microblaze_0/lib -mlittle-endian -mcpu=v11.0 -mxl-soft-mul -Wl,--no-relax -Wl,--gc-sections -o "lab_1_sim.elf"  ./src/helloworld.o ./src/platform.o   -Wl,--start-group,-lxil,-lgcc,-lc,--end-group
'Finished building target: lab_1_sim.elf'
' '
'Invoking: MicroBlaze Print Size'
mb-size lab_1_sim.elf  |tee "lab_1_sim.elf.size"
   text	   data	    bss	    dec	    hex	filename
  12736	   1308	   3172	  17216	   4340	lab_1_sim.elf
'Finished building: lab_1_sim.elf.size'
' '
12:47:56 **** Auto Build of configuration Debug for project lab_1_sim ****
make all 
'Building file: ../src/helloworld.c'
'Invoking: MicroBlaze gcc compiler'
mb-gcc -Wall -O0 -g3 -c -fmessage-length=0 -MT"src/helloworld.o" -I../../lab_1_sim_bsp/microblaze_0/include -mlittle-endian -mcpu=v11.0 -mxl-soft-mul -Wl,--no-relax -ffunction-sections -fdata-sections -MMD -MP -MF"src/helloworld.d" -MT"src/helloworld.o" -o "src/helloworld.o" "../src/helloworld.c"
../src/helloworld.c: In function 'read_number':
../src/helloworld.c:15:10: warning: format '%d' expects argument of type 'int *', but argument 2 has type 's16 *' {aka 'short int *'} [-Wformat=]
  scanf("%d", n);
         ~^   ~
         %hd
'Finished building: ../src/helloworld.c'
' '
'Building target: lab_1_sim.elf'
'Invoking: MicroBlaze gcc linker'
mb-gcc -Wl,-T -Wl,../src/lscript.ld -L../../lab_1_sim_bsp/microblaze_0/lib -mlittle-endian -mcpu=v11.0 -mxl-soft-mul -Wl,--no-relax -Wl,--gc-sections -o "lab_1_sim.elf"  ./src/helloworld.o ./src/platform.o   -Wl,--start-group,-lxil,-lgcc,-lc,--end-group
'Finished building target: lab_1_sim.elf'
' '
'Invoking: MicroBlaze Print Size'
mb-size lab_1_sim.elf  |tee "lab_1_sim.elf.size"
   text	   data	    bss	    dec	    hex	filename
  12736	   1308	   3172	  17216	   4340	lab_1_sim.elf
'Finished building: lab_1_sim.elf.size'
' '
12:48:00 **** Auto Build of configuration Debug for project lab_1_sim ****
make all 
'Building file: ../src/helloworld.c'
'Invoking: MicroBlaze gcc compiler'
mb-gcc -Wall -O0 -g3 -c -fmessage-length=0 -MT"src/helloworld.o" -I../../lab_1_sim_bsp/microblaze_0/include -mlittle-endian -mcpu=v11.0 -mxl-soft-mul -Wl,--no-relax -ffunction-sections -fdata-sections -MMD -MP -MF"src/helloworld.d" -MT"src/helloworld.o" -o "src/helloworld.o" "../src/helloworld.c"
../src/helloworld.c: In function 'read_number':
../src/helloworld.c:15:10: warning: format '%d' expects argument of type 'int *', but argument 2 has type 's16 *' {aka 'short int *'} [-Wformat=]
  scanf("%d", n);
         ~^   ~
         %hd
'Finished building: ../src/helloworld.c'
' '
'Building target: lab_1_sim.elf'
'Invoking: MicroBlaze gcc linker'
mb-gcc -Wl,-T -Wl,../src/lscript.ld -L../../lab_1_sim_bsp/microblaze_0/lib -mlittle-endian -mcpu=v11.0 -mxl-soft-mul -Wl,--no-relax -Wl,--gc-sections -o "lab_1_sim.elf"  ./src/helloworld.o ./src/platform.o   -Wl,--start-group,-lxil,-lgcc,-lc,--end-group
'Finished building target: lab_1_sim.elf'
' '
'Invoking: MicroBlaze Print Size'
mb-size lab_1_sim.elf  |tee "lab_1_sim.elf.size"
   text	   data	    bss	    dec	    hex	filename
  12736	   1308	   3172	  17216	   4340	lab_1_sim.elf
'Finished building: lab_1_sim.elf.size'
' '
12:48:31 **** Auto Build of configuration Debug for project lab_1 ****
make all 
'Building file: ../src/helloworld.c'
'Invoking: MicroBlaze gcc compiler'
mb-gcc -Wall -O0 -g3 -c -fmessage-length=0 -MT"src/helloworld.o" -I../../lab_1_bsp/microblaze_0/include -mlittle-endian -mcpu=v11.0 -mxl-soft-mul -Wl,--no-relax -ffunction-sections -fdata-sections -MMD -MP -MF"src/helloworld.d" -MT"src/helloworld.o" -o "src/helloworld.o" "../src/helloworld.c"
../src/helloworld.c: In function 'read_number':
../src/helloworld.c:15:10: warning: format '%d' expects argument of type 'int *', but argument 2 has type 's16 *' {aka 'short int *'} [-Wformat=]
  scanf("%d", n);
         ~^   ~
         %hd
'Finished building: ../src/helloworld.c'
' '
'Building target: lab_1.elf'
'Invoking: MicroBlaze gcc linker'
mb-gcc -Wl,-T -Wl,../src/lscript.ld -L../../lab_1_bsp/microblaze_0/lib -mlittle-endian -mcpu=v11.0 -mxl-soft-mul -Wl,--no-relax -Wl,--gc-sections -o "lab_1.elf"  ./src/helloworld.o ./src/platform.o   -Wl,--start-group,-lxil,-lgcc,-lc,--end-group
'Finished building target: lab_1.elf'
' '
'Invoking: MicroBlaze Print Size'
mb-size lab_1.elf  |tee "lab_1.elf.size"
   text	   data	    bss	    dec	    hex	filename
 133740	   1672	   3172	 138584	  21d58	lab_1.elf
'Finished building: lab_1.elf.size'
' '
12:48:38 **** Auto Build of configuration Debug for project lab_1_sim ****
make all 
'Building file: ../src/helloworld.c'
'Invoking: MicroBlaze gcc compiler'
mb-gcc -Wall -O0 -g3 -c -fmessage-length=0 -MT"src/helloworld.o" -I../../lab_1_sim_bsp/microblaze_0/include -mlittle-endian -mcpu=v11.0 -mxl-soft-mul -Wl,--no-relax -ffunction-sections -fdata-sections -MMD -MP -MF"src/helloworld.d" -MT"src/helloworld.o" -o "src/helloworld.o" "../src/helloworld.c"
../src/helloworld.c: In function 'read_number':
../src/helloworld.c:15:10: warning: format '%d' expects argument of type 'int *', but argument 2 has type 's16 *' {aka 'short int *'} [-Wformat=]
  scanf("%d", n);
         ~^   ~
         %hd
'Finished building: ../src/helloworld.c'
' '
'Building target: lab_1_sim.elf'
'Invoking: MicroBlaze gcc linker'
mb-gcc -Wl,-T -Wl,../src/lscript.ld -L../../lab_1_sim_bsp/microblaze_0/lib -mlittle-endian -mcpu=v11.0 -mxl-soft-mul -Wl,--no-relax -Wl,--gc-sections -o "lab_1_sim.elf"  ./src/helloworld.o ./src/platform.o   -Wl,--start-group,-lxil,-lgcc,-lc,--end-group
'Finished building target: lab_1_sim.elf'
' '
'Invoking: MicroBlaze Print Size'
mb-size lab_1_sim.elf  |tee "lab_1_sim.elf.size"
   text	   data	    bss	    dec	    hex	filename
  12744	   1308	   3172	  17224	   4348	lab_1_sim.elf
'Finished building: lab_1_sim.elf.size'
' '
