12:48:38 **** Auto Build of configuration Debug for project lab_1_sim ****
make all 
'Building file: ../src/helloworld.c'
'Invoking: MicroBlaze gcc compiler'
mb-gcc -Wall -O0 -g3 -c -fmessage-length=0 -MT"src/helloworld.o" -I../../lab_1_sim_bsp/microblaze_0/include -mlittle-endian -mcpu=v11.0 -mxl-soft-mul -Wl,--no-relax -ffunction-sections -fdata-sections -MMD -MP -MF"src/helloworld.d" -MT"src/helloworld.o" -o "src/helloworld.o" "../src/helloworld.c"
../src/helloworld.c: In function 'read_number':
../src/helloworld.c:15:10: warning: format '%d' expects argument of type 'int *', but argument 2 has type 's16 *' {aka 'short int *'} [-Wformat=]
  scanf("%d", n);
         ~^   ~
         %hd
'Finished building: ../src/helloworld.c'
' '
'Building target: lab_1_sim.elf'
'Invoking: MicroBlaze gcc linker'
mb-gcc -Wl,-T -Wl,../src/lscript.ld -L../../lab_1_sim_bsp/microblaze_0/lib -mlittle-endian -mcpu=v11.0 -mxl-soft-mul -Wl,--no-relax -Wl,--gc-sections -o "lab_1_sim.elf"  ./src/helloworld.o ./src/platform.o   -Wl,--start-group,-lxil,-lgcc,-lc,--end-group
'Finished building target: lab_1_sim.elf'
' '
'Invoking: MicroBlaze Print Size'
mb-size lab_1_sim.elf  |tee "lab_1_sim.elf.size"
   text	   data	    bss	    dec	    hex	filename
  12744	   1308	   3172	  17224	   4348	lab_1_sim.elf
'Finished building: lab_1_sim.elf.size'
' '

12:48:38 Build Finished (took 555ms)

